#-----------------------------------------------------------
# Vivado v2023.2 (64-bit)
# SW Build 4029153 on Fri Oct 13 20:14:34 MDT 2023
# IP Build 4028589 on Sat Oct 14 00:45:43 MDT 2023
# SharedData Build 4025554 on Tue Oct 10 17:18:54 MDT 2023
# Start of session at: Mon Sep 30 18:53:42 2024
# Process ID: 11916
# Current directory: D:/CHACKS/comp_free_sort-29-09-24
# Command line: vivado.exe -gui_launcher_event rodinguilauncherevent15428 D:\CHACKS\comp_free_sort-29-09-24\comp_free_sort.xpr
# Log file: D:/CHACKS/comp_free_sort-29-09-24/vivado.log
# Journal file: D:/CHACKS/comp_free_sort-29-09-24\vivado.jou
# Running On: DESKTOP-MII2473, OS: Windows, CPU Frequency: 2688 MHz, CPU Physical cores: 14, Host memory: 16849 MB
#-----------------------------------------------------------
start_gui
open_project D:/CHACKS/comp_free_sort-29-09-24/comp_free_sort.xpr
update_compile_order -fileset sources_1
launch_simulation
source EVT_update_unit_tb.tcl
close_sim
launch_simulation
launch_simulation
source EVT_update_unit_tb.tcl
# Disabling source management mode.  This is to allow the top design properties to be set without GUI intervention.
set_property source_mgmt_mode None [current_project]
set_property top sorting_engine [current_fileset]
# Re-enabling previously disabled source management mode.
set_property source_mgmt_mode All [current_project]
update_compile_order -fileset sources_1
set_property is_enabled true [get_files  D:/CHACKS/comp_free_sort-29-09-24/comp_free_sort.srcs/sim_1/new/tb_sorting_engine.v]
update_compile_order -fileset sim_1
# Disabling source management mode.  This is to allow the top design properties to be set without GUI intervention.
set_property source_mgmt_mode None [current_project]
set_property top tb_sorting_engine [get_filesets sim_1]
set_property top_lib xil_defaultlib [get_filesets sim_1]
# Re-enabling previously disabled source management mode.
set_property source_mgmt_mode All [current_project]
update_compile_order -fileset sim_1
launch_simulation
close_sim
launch_simulation
source tb_sorting_engine.tcl
close_sim
launch_simulation
source tb_sorting_engine.tcl
close_sim
launch_simulation
source tb_sorting_engine.tcl
set_property is_enabled false [get_files  D:/CHACKS/comp_free_sort-29-09-24/comp_free_sort.srcs/sim_1/new/tb_sorting_engine.v]
update_compile_order -fileset sim_1
close_sim
launch_simulation
source tb_sorting_engine.tcl
set_property source_mgmt_mode DisplayOnly [current_project]
close_sim
launch_simulation
source tb_sorting_engine.tcl
close_sim
launch_simulation
source tb_sorting_engine.tcl
close_sim
launch_simulation
source tb_sorting_engine.tcl
close_sim
